Archive member included to satisfy reference by file (symbol)

/usr/lib/gcc/avr/5.4.0/../../../avr/lib/avr5/libc.a(exit.o)
                              /usr/lib/gcc/avr/5.4.0/../../../avr/lib/avr5/crtatmega324p.o (exit)
/usr/lib/gcc/avr/5.4.0/avr5/libgcc.a(_exit.o)
                              /usr/lib/gcc/avr/5.4.0/../../../avr/lib/avr5/libc.a(exit.o) (_exit)
/usr/lib/gcc/avr/5.4.0/avr5/libgcc.a(_copy_data.o)
                              ../atmega8/uart.o (__do_copy_data)
/usr/lib/gcc/avr/5.4.0/avr5/libgcc.a(_clear_bss.o)
                              aes256cbc.o (__do_clear_bss)
/usr/lib/gcc/avr/5.4.0/avr5/libgcc.a(_prologue.o)
                              aes.o (__prologue_saves__)
/usr/lib/gcc/avr/5.4.0/avr5/libgcc.a(_epilogue.o)
                              aes.o (__epilogue_restores__)
/usr/lib/gcc/avr/5.4.0/../../../avr/lib/avr5/libc.a(memcpy.o)
                              aes.o (memcpy)
/usr/lib/gcc/avr/5.4.0/../../../avr/lib/avr5/libc.a(iob.o)
                              ../atmega8/uart.o (__iob)
/usr/lib/gcc/avr/5.4.0/../../../avr/lib/avr5/libc.a(printf_p.o)
                              main.o (printf_P)
/usr/lib/gcc/avr/5.4.0/../../../avr/lib/avr5/libc.a(puts_p.o)
                              buggy.o (puts_P)
/usr/lib/gcc/avr/5.4.0/../../../avr/lib/avr5/libc.a(vfprintf_std.o)
                              /usr/lib/gcc/avr/5.4.0/../../../avr/lib/avr5/libc.a(printf_p.o) (vfprintf)
/usr/lib/gcc/avr/5.4.0/../../../avr/lib/avr5/libc.a(strnlen_P.o)
                              /usr/lib/gcc/avr/5.4.0/../../../avr/lib/avr5/libc.a(vfprintf_std.o) (strnlen_P)
/usr/lib/gcc/avr/5.4.0/../../../avr/lib/avr5/libc.a(strnlen.o)
                              /usr/lib/gcc/avr/5.4.0/../../../avr/lib/avr5/libc.a(vfprintf_std.o) (strnlen)
/usr/lib/gcc/avr/5.4.0/../../../avr/lib/avr5/libc.a(fputc.o)
                              /usr/lib/gcc/avr/5.4.0/../../../avr/lib/avr5/libc.a(vfprintf_std.o) (fputc)
/usr/lib/gcc/avr/5.4.0/../../../avr/lib/avr5/libc.a(ultoa_invert.o)
                              /usr/lib/gcc/avr/5.4.0/../../../avr/lib/avr5/libc.a(vfprintf_std.o) (__ultoa_invert)

Allocating common symbols
Common symbol       size              file

current_vector      0x10              aes256cbc.o
context             0xf0              aes256cbc.o
__iob               0x6               /usr/lib/gcc/avr/5.4.0/../../../avr/lib/avr5/libc.a(iob.o)

Discarded input sections

 .data          0x0000000000000000        0x0 /usr/lib/gcc/avr/5.4.0/../../../avr/lib/avr5/crtatmega324p.o
 .bss           0x0000000000000000        0x0 /usr/lib/gcc/avr/5.4.0/../../../avr/lib/avr5/crtatmega324p.o
 .text          0x0000000000000000        0x0 /usr/lib/gcc/avr/5.4.0/../../../avr/lib/avr5/libc.a(exit.o)
 .data          0x0000000000000000        0x0 /usr/lib/gcc/avr/5.4.0/../../../avr/lib/avr5/libc.a(exit.o)
 .bss           0x0000000000000000        0x0 /usr/lib/gcc/avr/5.4.0/../../../avr/lib/avr5/libc.a(exit.o)
 .text          0x0000000000000000        0x0 ../atmega8/uart.o
 .data          0x0000000000000000        0x0 ../atmega8/uart.o
 .bss           0x0000000000000000        0x0 ../atmega8/uart.o
 .text.uartAwaitTxIdle
                0x0000000000000000       0x12 ../atmega8/uart.o
 .text.uartPutByte
                0x0000000000000000       0x18 ../atmega8/uart.o
 .text          0x0000000000000000        0x0 aes.o
 .data          0x0000000000000000        0x0 aes.o
 .bss           0x0000000000000000        0x0 aes.o
 .stab          0x0000000000000000     0x2190 aes.o
                                       0x231c (size before relaxing)
 .text.aes_init
                0x0000000000000000      0x19e aes.o
 .text.aes_256_init
                0x0000000000000000      0x17e aes.o
 .text.aes_192_init
                0x0000000000000000      0x200 aes.o
 .text.aes_128_init
                0x0000000000000000      0x19c aes.o
 .text.aes_Rotate
                0x0000000000000000       0x14 aes.o
 .text.aes_SubBytes
                0x0000000000000000       0xc4 aes.o
 .text.aes_InvSubBytes
                0x0000000000000000       0xc4 aes.o
 .text.aes_ShiftRows
                0x0000000000000000       0x34 aes.o
 .text.aes_InvShiftRows
                0x0000000000000000       0x34 aes.o
 .text.aes_MixColumns
                0x0000000000000000      0x1b0 aes.o
 .text.aes_encrypt
                0x0000000000000000      0x3a0 aes.o
 .text.aes_256_encrypt
                0x0000000000000000      0x380 aes.o
 .text.aes_192_encrypt
                0x0000000000000000      0x380 aes.o
 .text.aes_128_encrypt
                0x0000000000000000      0x380 aes.o
 .text.aes_InvMixColumns
                0x0000000000000000      0x196 aes.o
 .text.aes_decrypt
                0x0000000000000000      0x3e6 aes.o
 .text.aes_256_decrypt
                0x0000000000000000      0x4f2 aes.o
 .text.aes_192_decrypt
                0x0000000000000000      0x4f2 aes.o
 .text.aes_128_decrypt
                0x0000000000000000      0x4f2 aes.o
 .text.aes_AddRoundKey
                0x0000000000000000       0x9c aes.o
 .text.aes_GaloisFieldMultiply
                0x0000000000000000       0x24 aes.o
 .data.rcon     0x0000000000000000        0xa aes.o
 .data.s_box_inverse
                0x0000000000000000      0x100 aes.o
 .data.s_box    0x0000000000000000      0x100 aes.o
 .comment       0x0000000000000000       0x12 aes.o
 .text          0x0000000000000000        0x0 aes256cbc.o
 .data          0x0000000000000000        0x0 aes256cbc.o
 .bss           0x0000000000000000        0x0 aes256cbc.o
 .stab          0x0000000000000000      0x480 aes256cbc.o
                                        0x678 (size before relaxing)
 .text.aes256cbcInit
                0x0000000000000000       0x26 aes256cbc.o
 .text.aes256cbcEncrypt
                0x0000000000000000       0xaa aes256cbc.o
 .text.aes256cbcDecrypt
                0x0000000000000000      0x13e aes256cbc.o
 .comment       0x0000000000000000       0x12 aes256cbc.o
 COMMON         0x0000000000000000      0x100 aes256cbc.o
 .text          0x0000000000000000        0x0 buggy.o
 .data          0x0000000000000000        0x0 buggy.o
 .bss           0x0000000000000000        0x0 buggy.o
 .text          0x0000000000000000        0x0 crc32.o
 .data          0x0000000000000000        0x0 crc32.o
 .bss           0x0000000000000000        0x0 crc32.o
 .stab          0x0000000000000000      0x33c crc32.o
                                        0x348 (size before relaxing)
 .text.crc32    0x0000000000000000      0x1ba crc32.o
 .comment       0x0000000000000000       0x12 crc32.o
 .text          0x0000000000000000        0x0 main.o
 .data          0x0000000000000000        0x0 main.o
 .bss           0x0000000000000000        0x0 main.o
 .rodata.IV     0x0000000000000000       0x10 main.o
 .rodata.AES_KEY
                0x0000000000000000       0x20 main.o
 .text          0x0000000000000000        0x0 rs485.o
 .data          0x0000000000000000        0x0 rs485.o
 .bss           0x0000000000000000        0x0 rs485.o
 .text          0x0000000000000000        0x0 /usr/lib/gcc/avr/5.4.0/avr5/libgcc.a(_exit.o)
 .data          0x0000000000000000        0x0 /usr/lib/gcc/avr/5.4.0/avr5/libgcc.a(_exit.o)
 .bss           0x0000000000000000        0x0 /usr/lib/gcc/avr/5.4.0/avr5/libgcc.a(_exit.o)
 .text.libgcc.mul
                0x0000000000000000        0x0 /usr/lib/gcc/avr/5.4.0/avr5/libgcc.a(_exit.o)
 .text.libgcc.div
                0x0000000000000000        0x0 /usr/lib/gcc/avr/5.4.0/avr5/libgcc.a(_exit.o)
 .text.libgcc   0x0000000000000000        0x0 /usr/lib/gcc/avr/5.4.0/avr5/libgcc.a(_exit.o)
 .text.libgcc.prologue
                0x0000000000000000        0x0 /usr/lib/gcc/avr/5.4.0/avr5/libgcc.a(_exit.o)
 .text.libgcc.builtins
                0x0000000000000000        0x0 /usr/lib/gcc/avr/5.4.0/avr5/libgcc.a(_exit.o)
 .text.libgcc.fmul
                0x0000000000000000        0x0 /usr/lib/gcc/avr/5.4.0/avr5/libgcc.a(_exit.o)
 .text.libgcc.fixed
                0x0000000000000000        0x0 /usr/lib/gcc/avr/5.4.0/avr5/libgcc.a(_exit.o)
 .text          0x0000000000000000        0x0 /usr/lib/gcc/avr/5.4.0/avr5/libgcc.a(_copy_data.o)
 .data          0x0000000000000000        0x0 /usr/lib/gcc/avr/5.4.0/avr5/libgcc.a(_copy_data.o)
 .bss           0x0000000000000000        0x0 /usr/lib/gcc/avr/5.4.0/avr5/libgcc.a(_copy_data.o)
 .text.libgcc.mul
                0x0000000000000000        0x0 /usr/lib/gcc/avr/5.4.0/avr5/libgcc.a(_copy_data.o)
 .text.libgcc.div
                0x0000000000000000        0x0 /usr/lib/gcc/avr/5.4.0/avr5/libgcc.a(_copy_data.o)
 .text.libgcc   0x0000000000000000        0x0 /usr/lib/gcc/avr/5.4.0/avr5/libgcc.a(_copy_data.o)
 .text.libgcc.prologue
                0x0000000000000000        0x0 /usr/lib/gcc/avr/5.4.0/avr5/libgcc.a(_copy_data.o)
 .text.libgcc.builtins
                0x0000000000000000        0x0 /usr/lib/gcc/avr/5.4.0/avr5/libgcc.a(_copy_data.o)
 .text.libgcc.fmul
                0x0000000000000000        0x0 /usr/lib/gcc/avr/5.4.0/avr5/libgcc.a(_copy_data.o)
 .text.libgcc.fixed
                0x0000000000000000        0x0 /usr/lib/gcc/avr/5.4.0/avr5/libgcc.a(_copy_data.o)
 .text          0x0000000000000000        0x0 /usr/lib/gcc/avr/5.4.0/avr5/libgcc.a(_clear_bss.o)
 .data          0x0000000000000000        0x0 /usr/lib/gcc/avr/5.4.0/avr5/libgcc.a(_clear_bss.o)
 .bss           0x0000000000000000        0x0 /usr/lib/gcc/avr/5.4.0/avr5/libgcc.a(_clear_bss.o)
 .text.libgcc.mul
                0x0000000000000000        0x0 /usr/lib/gcc/avr/5.4.0/avr5/libgcc.a(_clear_bss.o)
 .text.libgcc.div
                0x0000000000000000        0x0 /usr/lib/gcc/avr/5.4.0/avr5/libgcc.a(_clear_bss.o)
 .text.libgcc   0x0000000000000000        0x0 /usr/lib/gcc/avr/5.4.0/avr5/libgcc.a(_clear_bss.o)
 .text.libgcc.prologue
                0x0000000000000000        0x0 /usr/lib/gcc/avr/5.4.0/avr5/libgcc.a(_clear_bss.o)
 .text.libgcc.builtins
                0x0000000000000000        0x0 /usr/lib/gcc/avr/5.4.0/avr5/libgcc.a(_clear_bss.o)
 .text.libgcc.fmul
                0x0000000000000000        0x0 /usr/lib/gcc/avr/5.4.0/avr5/libgcc.a(_clear_bss.o)
 .text.libgcc.fixed
                0x0000000000000000        0x0 /usr/lib/gcc/avr/5.4.0/avr5/libgcc.a(_clear_bss.o)
 .text          0x0000000000000000        0x0 /usr/lib/gcc/avr/5.4.0/avr5/libgcc.a(_prologue.o)
 .data          0x0000000000000000        0x0 /usr/lib/gcc/avr/5.4.0/avr5/libgcc.a(_prologue.o)
 .bss           0x0000000000000000        0x0 /usr/lib/gcc/avr/5.4.0/avr5/libgcc.a(_prologue.o)
 .text.libgcc.mul
                0x0000000000000000        0x0 /usr/lib/gcc/avr/5.4.0/avr5/libgcc.a(_prologue.o)
 .text.libgcc.div
                0x0000000000000000        0x0 /usr/lib/gcc/avr/5.4.0/avr5/libgcc.a(_prologue.o)
 .text.libgcc   0x0000000000000000        0x0 /usr/lib/gcc/avr/5.4.0/avr5/libgcc.a(_prologue.o)
 .text.libgcc.builtins
                0x0000000000000000        0x0 /usr/lib/gcc/avr/5.4.0/avr5/libgcc.a(_prologue.o)
 .text.libgcc.fmul
                0x0000000000000000        0x0 /usr/lib/gcc/avr/5.4.0/avr5/libgcc.a(_prologue.o)
 .text.libgcc.fixed
                0x0000000000000000        0x0 /usr/lib/gcc/avr/5.4.0/avr5/libgcc.a(_prologue.o)
 .text          0x0000000000000000        0x0 /usr/lib/gcc/avr/5.4.0/avr5/libgcc.a(_epilogue.o)
 .data          0x0000000000000000        0x0 /usr/lib/gcc/avr/5.4.0/avr5/libgcc.a(_epilogue.o)
 .bss           0x0000000000000000        0x0 /usr/lib/gcc/avr/5.4.0/avr5/libgcc.a(_epilogue.o)
 .text.libgcc.mul
                0x0000000000000000        0x0 /usr/lib/gcc/avr/5.4.0/avr5/libgcc.a(_epilogue.o)
 .text.libgcc.div
                0x0000000000000000        0x0 /usr/lib/gcc/avr/5.4.0/avr5/libgcc.a(_epilogue.o)
 .text.libgcc   0x0000000000000000        0x0 /usr/lib/gcc/avr/5.4.0/avr5/libgcc.a(_epilogue.o)
 .text.libgcc.builtins
                0x0000000000000000        0x0 /usr/lib/gcc/avr/5.4.0/avr5/libgcc.a(_epilogue.o)
 .text.libgcc.fmul
                0x0000000000000000        0x0 /usr/lib/gcc/avr/5.4.0/avr5/libgcc.a(_epilogue.o)
 .text.libgcc.fixed
                0x0000000000000000        0x0 /usr/lib/gcc/avr/5.4.0/avr5/libgcc.a(_epilogue.o)
 .text          0x0000000000000000        0x0 /usr/lib/gcc/avr/5.4.0/../../../avr/lib/avr5/libc.a(memcpy.o)
 .data          0x0000000000000000        0x0 /usr/lib/gcc/avr/5.4.0/../../../avr/lib/avr5/libc.a(memcpy.o)
 .bss           0x0000000000000000        0x0 /usr/lib/gcc/avr/5.4.0/../../../avr/lib/avr5/libc.a(memcpy.o)
 .text.avr-libc
                0x0000000000000000       0x12 /usr/lib/gcc/avr/5.4.0/../../../avr/lib/avr5/libc.a(memcpy.o)
 .text          0x0000000000000000        0x0 /usr/lib/gcc/avr/5.4.0/../../../avr/lib/avr5/libc.a(iob.o)
 .data          0x0000000000000000        0x0 /usr/lib/gcc/avr/5.4.0/../../../avr/lib/avr5/libc.a(iob.o)
 .bss           0x0000000000000000        0x0 /usr/lib/gcc/avr/5.4.0/../../../avr/lib/avr5/libc.a(iob.o)
 .text          0x0000000000000000        0x0 /usr/lib/gcc/avr/5.4.0/../../../avr/lib/avr5/libc.a(printf_p.o)
 .data          0x0000000000000000        0x0 /usr/lib/gcc/avr/5.4.0/../../../avr/lib/avr5/libc.a(printf_p.o)
 .bss           0x0000000000000000        0x0 /usr/lib/gcc/avr/5.4.0/../../../avr/lib/avr5/libc.a(printf_p.o)
 .text          0x0000000000000000        0x0 /usr/lib/gcc/avr/5.4.0/../../../avr/lib/avr5/libc.a(puts_p.o)
 .data          0x0000000000000000        0x0 /usr/lib/gcc/avr/5.4.0/../../../avr/lib/avr5/libc.a(puts_p.o)
 .bss           0x0000000000000000        0x0 /usr/lib/gcc/avr/5.4.0/../../../avr/lib/avr5/libc.a(puts_p.o)
 .text          0x0000000000000000        0x0 /usr/lib/gcc/avr/5.4.0/../../../avr/lib/avr5/libc.a(vfprintf_std.o)
 .data          0x0000000000000000        0x0 /usr/lib/gcc/avr/5.4.0/../../../avr/lib/avr5/libc.a(vfprintf_std.o)
 .bss           0x0000000000000000        0x0 /usr/lib/gcc/avr/5.4.0/../../../avr/lib/avr5/libc.a(vfprintf_std.o)
 .text          0x0000000000000000        0x0 /usr/lib/gcc/avr/5.4.0/../../../avr/lib/avr5/libc.a(strnlen_P.o)
 .data          0x0000000000000000        0x0 /usr/lib/gcc/avr/5.4.0/../../../avr/lib/avr5/libc.a(strnlen_P.o)
 .bss           0x0000000000000000        0x0 /usr/lib/gcc/avr/5.4.0/../../../avr/lib/avr5/libc.a(strnlen_P.o)
 .text          0x0000000000000000        0x0 /usr/lib/gcc/avr/5.4.0/../../../avr/lib/avr5/libc.a(strnlen.o)
 .data          0x0000000000000000        0x0 /usr/lib/gcc/avr/5.4.0/../../../avr/lib/avr5/libc.a(strnlen.o)
 .bss           0x0000000000000000        0x0 /usr/lib/gcc/avr/5.4.0/../../../avr/lib/avr5/libc.a(strnlen.o)
 .text          0x0000000000000000        0x0 /usr/lib/gcc/avr/5.4.0/../../../avr/lib/avr5/libc.a(fputc.o)
 .data          0x0000000000000000        0x0 /usr/lib/gcc/avr/5.4.0/../../../avr/lib/avr5/libc.a(fputc.o)
 .bss           0x0000000000000000        0x0 /usr/lib/gcc/avr/5.4.0/../../../avr/lib/avr5/libc.a(fputc.o)
 .text          0x0000000000000000        0x0 /usr/lib/gcc/avr/5.4.0/../../../avr/lib/avr5/libc.a(ultoa_invert.o)
 .data          0x0000000000000000        0x0 /usr/lib/gcc/avr/5.4.0/../../../avr/lib/avr5/libc.a(ultoa_invert.o)
 .bss           0x0000000000000000        0x0 /usr/lib/gcc/avr/5.4.0/../../../avr/lib/avr5/libc.a(ultoa_invert.o)

Memory Configuration

Name             Origin             Length             Attributes
text             0x0000000000000000 0x0000000000020000 xr
data             0x0000000000800060 0x000000000000ffa0 rw !x
eeprom           0x0000000000810000 0x0000000000010000 rw !x
fuse             0x0000000000820000 0x0000000000000003 rw !x
lock             0x0000000000830000 0x0000000000000400 rw !x
signature        0x0000000000840000 0x0000000000000400 rw !x
user_signatures  0x0000000000850000 0x0000000000000400 rw !x
*default*        0x0000000000000000 0xffffffffffffffff

Linker script and memory map

Address of section .data set to 0x800100
LOAD /usr/lib/gcc/avr/5.4.0/../../../avr/lib/avr5/crtatmega324p.o
LOAD /usr/lib/gcc/avr/5.4.0/../../../avr/lib/avr5/libc.a
LOAD ../atmega8/uart.o
LOAD aes.o
LOAD aes256cbc.o
LOAD buggy.o
LOAD crc32.o
LOAD main.o
LOAD rs485.o
START GROUP
LOAD /usr/lib/gcc/avr/5.4.0/avr5/libgcc.a
LOAD /usr/lib/gcc/avr/5.4.0/../../../avr/lib/avr5/libm.a
LOAD /usr/lib/gcc/avr/5.4.0/../../../avr/lib/avr5/libc.a
LOAD /usr/lib/gcc/avr/5.4.0/../../../avr/lib/avr5/libatmega324p.a
END GROUP
                0x0000000000000000                __TEXT_REGION_ORIGIN__ = DEFINED (__TEXT_REGION_ORIGIN__)?__TEXT_REGION_ORIGIN__:0x0
                0x0000000000800060                __DATA_REGION_ORIGIN__ = DEFINED (__DATA_REGION_ORIGIN__)?__DATA_REGION_ORIGIN__:0x800060
                0x0000000000020000                __TEXT_REGION_LENGTH__ = DEFINED (__TEXT_REGION_LENGTH__)?__TEXT_REGION_LENGTH__:0x20000
                0x000000000000ffa0                __DATA_REGION_LENGTH__ = DEFINED (__DATA_REGION_LENGTH__)?__DATA_REGION_LENGTH__:0xffa0
                0x0000000000010000                __EEPROM_REGION_LENGTH__ = DEFINED (__EEPROM_REGION_LENGTH__)?__EEPROM_REGION_LENGTH__:0x10000
                [0x0000000000000003]                __FUSE_REGION_LENGTH__ = DEFINED (__FUSE_REGION_LENGTH__)?__FUSE_REGION_LENGTH__:0x400
                0x0000000000000400                __LOCK_REGION_LENGTH__ = DEFINED (__LOCK_REGION_LENGTH__)?__LOCK_REGION_LENGTH__:0x400
                0x0000000000000400                __SIGNATURE_REGION_LENGTH__ = DEFINED (__SIGNATURE_REGION_LENGTH__)?__SIGNATURE_REGION_LENGTH__:0x400
                0x0000000000000400                __USER_SIGNATURE_REGION_LENGTH__ = DEFINED (__USER_SIGNATURE_REGION_LENGTH__)?__USER_SIGNATURE_REGION_LENGTH__:0x400

.hash
 *(.hash)

.dynsym
 *(.dynsym)

.dynstr
 *(.dynstr)

.gnu.version
 *(.gnu.version)

.gnu.version_d
 *(.gnu.version_d)

.gnu.version_r
 *(.gnu.version_r)

.rel.init
 *(.rel.init)

.rela.init
 *(.rela.init)

.rel.text
 *(.rel.text)
 *(.rel.text.*)
 *(.rel.gnu.linkonce.t*)

.rela.text
 *(.rela.text)
 *(.rela.text.*)
 *(.rela.gnu.linkonce.t*)

.rel.fini
 *(.rel.fini)

.rela.fini
 *(.rela.fini)

.rel.rodata
 *(.rel.rodata)
 *(.rel.rodata.*)
 *(.rel.gnu.linkonce.r*)

.rela.rodata
 *(.rela.rodata)
 *(.rela.rodata.*)
 *(.rela.gnu.linkonce.r*)

.rel.data
 *(.rel.data)
 *(.rel.data.*)
 *(.rel.gnu.linkonce.d*)

.rela.data
 *(.rela.data)
 *(.rela.data.*)
 *(.rela.gnu.linkonce.d*)

.rel.ctors
 *(.rel.ctors)

.rela.ctors
 *(.rela.ctors)

.rel.dtors
 *(.rel.dtors)

.rela.dtors
 *(.rela.dtors)

.rel.got
 *(.rel.got)

.rela.got
 *(.rela.got)

.rel.bss
 *(.rel.bss)

.rela.bss
 *(.rela.bss)

.rel.plt
 *(.rel.plt)

.rela.plt
 *(.rela.plt)

.text           0x0000000000000000      0xfda
 *(.vectors)
 .vectors       0x0000000000000000       0x7c /usr/lib/gcc/avr/5.4.0/../../../avr/lib/avr5/crtatmega324p.o
                0x0000000000000000                __vectors
 *(.vectors)
 *(.progmem.gcc*)
                0x000000000000007c                . = ALIGN (0x2)
                0x000000000000007c                __trampolines_start = .
 *(.trampolines)
 .trampolines   0x000000000000007c        0x0 linker stubs
 *(.trampolines*)
                0x000000000000007c                __trampolines_end = .
 *libprintf_flt.a:*(.progmem.data)
 *libc.a:*(.progmem.data)
 *(.progmem*)
 .progmem.data.__c.2094
                0x000000000000007c       0x21 buggy.o
 .progmem.data.__c.2087
                0x000000000000009d       0x1f buggy.o
 .progmem.data.__c.2080
                0x00000000000000bc       0x14 buggy.o
 .progmem.data.__c.2073
                0x00000000000000d0       0x1f buggy.o
 .progmem.data.__c.2066
                0x00000000000000ef       0x19 buggy.o
 .progmem.data.__c.2059
                0x0000000000000108       0x24 buggy.o
 .progmem.data.__c.2052
                0x000000000000012c       0x1f buggy.o
 .progmem.data.__c.2045
                0x000000000000014b       0x26 buggy.o
 .progmem.data.__c.2038
                0x0000000000000171       0x26 buggy.o
 .progmem.data.__c.2031
                0x0000000000000197       0x1f buggy.o
 .progmem.data.__c.2024
                0x00000000000001b6       0x26 buggy.o
 .progmem.data.__c.2017
                0x00000000000001dc       0x26 buggy.o
 .progmem.data.__c.2010
                0x0000000000000202       0x24 buggy.o
 .progmem.data.__c.2003
                0x0000000000000226       0x23 buggy.o
 .progmem.data.__c.1996
                0x0000000000000249       0x24 buggy.o
 .progmem.data.__c.1989
                0x000000000000026d       0x24 buggy.o
 .progmem.data.__c.1982
                0x0000000000000291       0x24 buggy.o
 .progmem.data.__c.1975
                0x00000000000002b5       0x14 buggy.o
 .progmem.data.__c.2126
                0x00000000000002c9        0xd main.o
 .progmem.data.__c.2124
                0x00000000000002d6        0x8 main.o
                0x00000000000002de                . = ALIGN (0x2)
 *(.jumptables)
 *(.jumptables*)
 *(.lowtext)
 *(.lowtext*)
                0x00000000000002de                __ctors_start = .
 *(.ctors)
                0x00000000000002de                __ctors_end = .
                0x00000000000002de                __dtors_start = .
 *(.dtors)
                0x00000000000002de                __dtors_end = .
 SORT(*)(.ctors)
 SORT(*)(.dtors)
 *(.init0)
 .init0         0x00000000000002de        0x0 /usr/lib/gcc/avr/5.4.0/../../../avr/lib/avr5/crtatmega324p.o
                0x00000000000002de                __init
 *(.init0)
 *(.init1)
 *(.init1)
 *(.init2)
 .init2         0x00000000000002de        0xc /usr/lib/gcc/avr/5.4.0/../../../avr/lib/avr5/crtatmega324p.o
 *(.init2)
 *(.init3)
 *(.init3)
 *(.init4)
 .init4         0x00000000000002ea       0x16 /usr/lib/gcc/avr/5.4.0/avr5/libgcc.a(_copy_data.o)
                0x00000000000002ea                __do_copy_data
 .init4         0x0000000000000300       0x10 /usr/lib/gcc/avr/5.4.0/avr5/libgcc.a(_clear_bss.o)
                0x0000000000000300                __do_clear_bss
 *(.init4)
 *(.init5)
 *(.init5)
 *(.init6)
 *(.init6)
 *(.init7)
 *(.init7)
 *(.init8)
 *(.init8)
 *(.init9)
 .init9         0x0000000000000310        0x4 /usr/lib/gcc/avr/5.4.0/../../../avr/lib/avr5/crtatmega324p.o
 *(.init9)
 *(.text)
 .text          0x0000000000000314        0x2 /usr/lib/gcc/avr/5.4.0/../../../avr/lib/avr5/crtatmega324p.o
                0x0000000000000314                __vector_28
                0x0000000000000314                __bad_interrupt
                0x0000000000000314                __vector_6
                0x0000000000000314                __vector_30
                0x0000000000000314                __vector_11
                0x0000000000000314                __vector_7
                0x0000000000000314                __vector_5
                0x0000000000000314                __vector_4
                0x0000000000000314                __vector_9
                0x0000000000000314                __vector_29
                0x0000000000000314                __vector_10
                0x0000000000000316                . = ALIGN (0x2)
 *(.text.*)
 .text.avr-libc
                0x0000000000000316        0x4 /usr/lib/gcc/avr/5.4.0/../../../avr/lib/avr5/libc.a(exit.o)
                0x0000000000000316                exit
 .text.uart_getchar
                0x000000000000031a       0x2c ../atmega8/uart.o
                0x000000000000031a                uart_getchar
 .text.uart_putchar
                0x0000000000000346       0x3a ../atmega8/uart.o
                0x0000000000000346                uart_putchar
 .text.uartInit
                0x0000000000000380       0x2c ../atmega8/uart.o
                0x0000000000000380                uartInit
 .text.__vector_default
                0x00000000000003ac       0x4a buggy.o
                0x00000000000003ac                __vector_default
 .text.__vector_1
                0x00000000000003f6       0x4a buggy.o
                0x00000000000003f6                __vector_1
 .text.__vector_2
                0x0000000000000440       0x4a buggy.o
                0x0000000000000440                __vector_2
 .text.__vector_3
                0x000000000000048a       0x4a buggy.o
                0x000000000000048a                __vector_3
 .text.__vector_8
                0x00000000000004d4       0x4a buggy.o
                0x00000000000004d4                __vector_8
 .text.__vector_12
                0x000000000000051e       0x4a buggy.o
                0x000000000000051e                __vector_12
 .text.__vector_13
                0x0000000000000568       0x4a buggy.o
                0x0000000000000568                __vector_13
 .text.__vector_14
                0x00000000000005b2       0x4a buggy.o
                0x00000000000005b2                __vector_14
 .text.__vector_15
                0x00000000000005fc       0x4a buggy.o
                0x00000000000005fc                __vector_15
 .text.__vector_16
                0x0000000000000646       0x4a buggy.o
                0x0000000000000646                __vector_16
 .text.__vector_17
                0x0000000000000690       0x4a buggy.o
                0x0000000000000690                __vector_17
 .text.__vector_18
                0x00000000000006da       0x4a buggy.o
                0x00000000000006da                __vector_18
 .text.__vector_19
                0x0000000000000724       0x4a buggy.o
                0x0000000000000724                __vector_19
 .text.__vector_23
                0x000000000000076e       0x4a buggy.o
                0x000000000000076e                __vector_23
 .text.__vector_24
                0x00000000000007b8       0x4a buggy.o
                0x00000000000007b8                __vector_24
 .text.__vector_25
                0x0000000000000802       0x4a buggy.o
                0x0000000000000802                __vector_25
 .text.__vector_26
                0x000000000000084c       0x4a buggy.o
                0x000000000000084c                __vector_26
 .text.__vector_27
                0x0000000000000896       0x4a buggy.o
                0x0000000000000896                __vector_27
 .text.startup.main
                0x00000000000008e0       0x4c main.o
                0x00000000000008e0                main
 .text.rs485RxCount
                0x000000000000092c        0xa rs485.o
                0x000000000000092c                rs485RxCount
 .text.__vector_21
                0x0000000000000936       0x14 rs485.o
                0x0000000000000936                __vector_21
 .text.__vector_22
                0x000000000000094a       0x16 rs485.o
                0x000000000000094a                __vector_22
 .text.__vector_20
                0x0000000000000960       0x36 rs485.o
                0x0000000000000960                __vector_20
 .text.rs485Init
                0x0000000000000996       0x26 rs485.o
                0x0000000000000996                rs485Init
 .text.libgcc.prologue
                0x00000000000009bc       0x38 /usr/lib/gcc/avr/5.4.0/avr5/libgcc.a(_prologue.o)
                0x00000000000009bc                __prologue_saves__
 .text.libgcc.prologue
                0x00000000000009f4       0x36 /usr/lib/gcc/avr/5.4.0/avr5/libgcc.a(_epilogue.o)
                0x00000000000009f4                __epilogue_restores__
 .text.avr-libc
                0x0000000000000a2a       0x46 /usr/lib/gcc/avr/5.4.0/../../../avr/lib/avr5/libc.a(printf_p.o)
                0x0000000000000a2a                printf_P
 .text.avr-libc
                0x0000000000000a70       0x62 /usr/lib/gcc/avr/5.4.0/../../../avr/lib/avr5/libc.a(puts_p.o)
                0x0000000000000a70                puts_P
 .text.avr-libc
                0x0000000000000ad2      0x3a4 /usr/lib/gcc/avr/5.4.0/../../../avr/lib/avr5/libc.a(vfprintf_std.o)
                0x0000000000000ad2                vfprintf
 .text.avr-libc
                0x0000000000000e76       0x16 /usr/lib/gcc/avr/5.4.0/../../../avr/lib/avr5/libc.a(strnlen_P.o)
                0x0000000000000e76                strnlen_P
 .text.avr-libc
                0x0000000000000e8c       0x16 /usr/lib/gcc/avr/5.4.0/../../../avr/lib/avr5/libc.a(strnlen.o)
                0x0000000000000e8c                strnlen
 .text.avr-libc
                0x0000000000000ea2       0x78 /usr/lib/gcc/avr/5.4.0/../../../avr/lib/avr5/libc.a(fputc.o)
                0x0000000000000ea2                fputc
 .text.avr-libc
                0x0000000000000f1a       0xbc /usr/lib/gcc/avr/5.4.0/../../../avr/lib/avr5/libc.a(ultoa_invert.o)
                0x0000000000000f1a                __ultoa_invert
                0x0000000000000fd6                . = ALIGN (0x2)
 *(.fini9)
 .fini9         0x0000000000000fd6        0x0 /usr/lib/gcc/avr/5.4.0/avr5/libgcc.a(_exit.o)
                0x0000000000000fd6                _exit
 *(.fini9)
 *(.fini8)
 *(.fini8)
 *(.fini7)
 *(.fini7)
 *(.fini6)
 *(.fini6)
 *(.fini5)
 *(.fini5)
 *(.fini4)
 *(.fini4)
 *(.fini3)
 *(.fini3)
 *(.fini2)
 *(.fini2)
 *(.fini1)
 *(.fini1)
 *(.fini0)
 .fini0         0x0000000000000fd6        0x4 /usr/lib/gcc/avr/5.4.0/avr5/libgcc.a(_exit.o)
 *(.fini0)
                0x0000000000000fda                _etext = .

.data           0x0000000000800100       0x1c load address 0x0000000000000fda
                0x0000000000800100                PROVIDE (__data_start, .)
 *(.data)
 *(.data*)
 .data.uart_input.2119
                0x0000000000800100        0xe ../atmega8/uart.o
 .data.uart_output.2118
                0x000000000080010e        0xe ../atmega8/uart.o
 *(.gnu.linkonce.d*)
 *(.rodata)
 *(.rodata*)
 *(.gnu.linkonce.r*)
                0x000000000080011c                . = ALIGN (0x2)
                0x000000000080011c                _edata = .
                0x000000000080011c                PROVIDE (__data_end, .)

.bss            0x000000000080011c        0x8
                0x000000000080011c                PROVIDE (__bss_start, .)
 *(.bss)
 *(.bss*)
 .bss.rxCount   0x000000000080011c        0x2 rs485.o
                0x000000000080011c                rxCount
 *(COMMON)
 COMMON         0x000000000080011e        0x6 /usr/lib/gcc/avr/5.4.0/../../../avr/lib/avr5/libc.a(iob.o)
                0x000000000080011e                __iob
                0x0000000000800124                PROVIDE (__bss_end, .)
                0x0000000000000fda                __data_load_start = LOADADDR (.data)
                0x0000000000000ff6                __data_load_end = (__data_load_start + SIZEOF (.data))

.noinit         0x0000000000800124        0x0
                [!provide]                        PROVIDE (__noinit_start, .)
 *(.noinit*)
                [!provide]                        PROVIDE (__noinit_end, .)
                0x0000000000800124                _end = .
                [!provide]                        PROVIDE (__heap_start, .)

.eeprom         0x0000000000810000        0x0
 *(.eeprom*)
                0x0000000000810000                __eeprom_end = .

.fuse
 *(.fuse)
 *(.lfuse)
 *(.hfuse)
 *(.efuse)

.lock
 *(.lock*)

.signature
 *(.signature*)

.user_signatures
 *(.user_signatures*)

.stab           0x0000000000000000     0x186c
 *(.stab)
 .stab          0x0000000000000000      0x720 ../atmega8/uart.o
                                        0x7d4 (size before relaxing)
 .stab          0x0000000000000720      0x834 buggy.o
                                        0xa5c (size before relaxing)
 .stab          0x0000000000000f54      0x3e4 main.o
                                        0x618 (size before relaxing)
 .stab          0x0000000000001338      0x534 rs485.o
                                        0x6fc (size before relaxing)

.stabstr        0x0000000000000000     0x18a3
 *(.stabstr)
 .stabstr       0x0000000000000000     0x18a3 ../atmega8/uart.o

.stab.excl
 *(.stab.excl)

.stab.exclstr
 *(.stab.exclstr)

.stab.index
 *(.stab.index)

.stab.indexstr
 *(.stab.indexstr)

.comment        0x0000000000000000       0x11
 *(.comment)
 .comment       0x0000000000000000       0x11 ../atmega8/uart.o
                                         0x12 (size before relaxing)
 .comment       0x0000000000000011       0x12 buggy.o
 .comment       0x0000000000000011       0x12 main.o
 .comment       0x0000000000000011       0x12 rs485.o
 .comment       0x0000000000000011       0x12 /usr/lib/gcc/avr/5.4.0/../../../avr/lib/avr5/libc.a(iob.o)
 .comment       0x0000000000000011       0x12 /usr/lib/gcc/avr/5.4.0/../../../avr/lib/avr5/libc.a(printf_p.o)
 .comment       0x0000000000000011       0x12 /usr/lib/gcc/avr/5.4.0/../../../avr/lib/avr5/libc.a(puts_p.o)
 .comment       0x0000000000000011       0x12 /usr/lib/gcc/avr/5.4.0/../../../avr/lib/avr5/libc.a(vfprintf_std.o)
 .comment       0x0000000000000011       0x12 /usr/lib/gcc/avr/5.4.0/../../../avr/lib/avr5/libc.a(fputc.o)

.note.gnu.avr.deviceinfo
                0x0000000000000000       0x40
 .note.gnu.avr.deviceinfo
                0x0000000000000000       0x40 /usr/lib/gcc/avr/5.4.0/../../../avr/lib/avr5/crtatmega324p.o

.note.gnu.build-id
 *(.note.gnu.build-id)

.debug
 *(.debug)

.line
 *(.line)

.debug_srcinfo
 *(.debug_srcinfo)

.debug_sfnames
 *(.debug_sfnames)

.debug_aranges
 *(.debug_aranges)

.debug_pubnames
 *(.debug_pubnames)

.debug_info     0x0000000000000000      0x6cc
 *(.debug_info .gnu.linkonce.wi.*)
 .debug_info    0x0000000000000000      0x6cc /usr/lib/gcc/avr/5.4.0/../../../avr/lib/avr5/crtatmega324p.o

.debug_abbrev   0x0000000000000000      0x66e
 *(.debug_abbrev)
 .debug_abbrev  0x0000000000000000      0x66e /usr/lib/gcc/avr/5.4.0/../../../avr/lib/avr5/crtatmega324p.o

.debug_line     0x0000000000000000       0x1a
 *(.debug_line .debug_line.* .debug_line_end)
 .debug_line    0x0000000000000000       0x1a /usr/lib/gcc/avr/5.4.0/../../../avr/lib/avr5/crtatmega324p.o

.debug_frame
 *(.debug_frame)

.debug_str      0x0000000000000000      0x255
 *(.debug_str)
 .debug_str     0x0000000000000000      0x255 /usr/lib/gcc/avr/5.4.0/../../../avr/lib/avr5/crtatmega324p.o

.debug_loc
 *(.debug_loc)

.debug_macinfo
 *(.debug_macinfo)

.debug_weaknames
 *(.debug_weaknames)

.debug_funcnames
 *(.debug_funcnames)

.debug_typenames
 *(.debug_typenames)

.debug_varnames
 *(.debug_varnames)

.debug_pubtypes
 *(.debug_pubtypes)

.debug_ranges
 *(.debug_ranges)

.debug_macro
 *(.debug_macro)
OUTPUT(door21-o.elf elf32-avr)
LOAD linker stubs
